// Jest Snapshot v1, https://goo.gl/fbAQLP

exports[`Collection Page should compile 1`] = `undefined`;
